
Memory Configuration

Name             Origin             Length             Attributes
*default*        0x0000000000000000 0xffffffffffffffff

Linker script and memory map

                0x0000000080200000                . = 0x80200000
                0x0000000080200000                _text_boot = .

.text.boot      0x0000000080200000       0x3c
 *(.text.boot)
 .text.boot     0x0000000080200000       0x3c build/benos/boot_s.o
                0x0000000080200000                _start
                0x000000008020003c                _etext_boot = .
                0x0000000080200040                . = ALIGN (0x8)
                0x0000000080200040                _text = .
                0x0000000080200040                _stext = .

.text           0x0000000080200040     0x2db4
 *(.text)
 .text          0x0000000080200040      0x488 build/benos/kallsyms_c.o
                0x0000000080200258                kallsyms_lookup
                0x0000000080200434                print_symbol
 .text          0x00000000802004c8      0x698 build/benos/trap_c.o
                0x00000000802004c8                panic
                0x00000000802004e8                show_regs
                0x0000000080200764                do_trap_unknown
                0x00000000802007a0                do_trap_insn_misaligned
                0x00000000802007dc                do_trap_insn_fault
                0x0000000080200818                do_trap_insn_illegal
                0x0000000080200854                do_trap_load_misaligned
                0x0000000080200890                do_trap_load_fault
                0x00000000802008cc                do_trap_store_misaligned
                0x0000000080200908                do_trap_store_fault
                0x0000000080200944                do_trap_ecall_u
                0x0000000080200980                do_trap_ecall_s
                0x00000000802009bc                do_trap_break
                0x00000000802009f8                do_page_fault
                0x0000000080200a70                do_exception
                0x0000000080200ae8                trap_init
 .text          0x0000000080200b60      0x160 build/benos/stacktrace_c.o
                0x0000000080200c8c                dump_stack
 .text          0x0000000080200cc0      0x2d0 build/benos/memset_c.o
                0x0000000080200f38                memset
 .text          0x0000000080200f90      0xb08 build/benos/kernel_c.o
                0x0000000080201430                inline_asm_test
                0x00000000802014f8                asm_test
                0x0000000080201800                uart_get
                0x00000000802019dc                kernel_main
 .text          0x0000000080201a98       0x18 build/benos/memset_s.o
                0x0000000080201a98                __memset_16bytes_asm
 .text          0x0000000080201ab0      0x15c build/benos/entry_s.o
                0x0000000080201ab0                do_exception_vector
                0x0000000080201c00                trigger_load_access_fault
 .text          0x0000000080201c0c        0x0 build/benos/boot_s.o
 *fill*         0x0000000080201c0c        0x4 
 .text          0x0000000080201c10      0x217 build/benos/asm_test_s.o
                0x0000000080201c10                my_test_data
                0x0000000080201c18                load_store_test
                0x0000000080201c50                shift_test
                0x0000000080201c98                add_sub_test
                0x0000000080201cdc                add_test
                0x0000000080201ce8                branch_test
                0x0000000080201d0c                my_memcpy_test
                0x0000000080201d3c                compare_and_return
                0x0000000080201d54                sel_test
                0x0000000080201d6c                bl_test
                0x0000000080201d88                func_addr
                0x0000000080201da0                func_string
                0x0000000080201db8                func_num_syms
                0x0000000080201dc0                op_1
                0x0000000080201dc8                op_2
                0x0000000080201dd0                macro_test_1
                0x0000000080201df8                macro_test_2
 *fill*         0x0000000080201e27        0x1 
 .text          0x0000000080201e28       0x9c build/benos/early_printk_s.o
                0x0000000080201e28                __init_uart
                0x0000000080201e80                put_uart
                0x0000000080201ea0                put_string_uart
 .text          0x0000000080201ec4      0xe68 build/lib/printk_c.o
                0x0000000080202368                myprintf
                0x0000000080202b14                init_printk_done
                0x0000000080202bcc                printk
 .text          0x0000000080202d2c       0xc8 build/lib/string_c.o
                0x0000000080202d2c                strlen
                0x0000000080202d80                memcpy
 .text          0x0000000080202df4        0x0 .tmp_kallsyms2.o
                0x0000000080202df8                . = ALIGN (0x8)
                0x0000000080202df8                _etext = .
                0x0000000080202df8                _rodata = .

.rodata         0x0000000080202e00     0x1a00
 *(.rodata)
 .rodata        0x0000000080202e00       0x20 build/benos/kallsyms_c.o
 .rodata        0x0000000080202e20      0x4c5 build/benos/trap_c.o
 *fill*         0x00000000802032e5        0x3 
 .rodata        0x00000000802032e8       0x45 build/benos/stacktrace_c.o
 *fill*         0x000000008020332d        0x3 
 .rodata        0x0000000080203330      0x346 build/benos/kernel_c.o
 *fill*         0x0000000080203676        0x2 
 .rodata        0x0000000080203678       0x10 build/benos/boot_s.o
                0x0000000080203678                boot_string
 .rodata        0x0000000080203688      0x120 build/lib/printk_c.o
 *fill*         0x00000000802037a8       0x58 
 .rodata        0x0000000080203800     0x1000 .tmp_kallsyms2.o
                0x0000000080203800                kallsyms_addresses
                0x0000000080203b00                kallsyms_num_syms
                0x0000000080203c00                kallsyms_names
                0x0000000080203e00                kallsyms_markers
                0x0000000080203f00                kallsyms_token_table
                0x0000000080204600                kallsyms_token_index
                0x0000000080204800                _erodata = .
                0x0000000080204800                _data = .

.rela.dyn       0x0000000080204800        0x0
 .rela.text     0x0000000080204800        0x0 build/benos/kallsyms_c.o
 .rela.rodata   0x0000000080204800        0x0 build/benos/kallsyms_c.o

.data           0x0000000080205000     0x1000
 *(.data)
 .data          0x0000000080205000        0x0 build/benos/kallsyms_c.o
 .data          0x0000000080205000        0x0 build/benos/trap_c.o
 .data          0x0000000080205000        0x0 build/benos/stacktrace_c.o
 .data          0x0000000080205000        0x0 build/benos/memset_c.o
 .data          0x0000000080205000        0x0 build/benos/kernel_c.o
 .data          0x0000000080205000        0x0 build/benos/memset_s.o
 .data          0x0000000080205000        0x0 build/benos/entry_s.o
 .data          0x0000000080205000     0x1000 build/benos/boot_s.o
                0x0000000080205000                stacks_start
 .data          0x0000000080206000        0x0 build/benos/asm_test_s.o
 .data          0x0000000080206000        0x0 build/benos/early_printk_s.o
 .data          0x0000000080206000        0x0 build/lib/printk_c.o
 .data          0x0000000080206000        0x0 build/lib/string_c.o
 .data          0x0000000080206000        0x0 .tmp_kallsyms2.o
                0x0000000080206000                _edata = .

.sdata          0x0000000080206000        0x8
 .sdata         0x0000000080206000        0x8 build/lib/printk_c.o
                0x0000000080206008                . = ALIGN (0x8)
                0x0000000080206008                _bss = .

.bss            0x0000000080206008    0x20418
 *(.bss*)
 .bss           0x0000000080206008        0x0 build/benos/kallsyms_c.o
 .bss           0x0000000080206008        0x0 build/benos/trap_c.o
 .bss           0x0000000080206008        0x0 build/benos/stacktrace_c.o
 .bss           0x0000000080206008        0x0 build/benos/memset_c.o
 .bss           0x0000000080206008        0x0 build/benos/kernel_c.o
 .bss           0x0000000080206008        0x0 build/benos/memset_s.o
 .bss           0x0000000080206008        0x0 build/benos/entry_s.o
 .bss           0x0000000080206008        0x0 build/benos/boot_s.o
 .bss           0x0000000080206008        0x0 build/benos/asm_test_s.o
 .bss           0x0000000080206008        0x0 build/benos/early_printk_s.o
 .bss           0x0000000080206008    0x20418 build/lib/printk_c.o
 .bss           0x0000000080226420        0x0 build/lib/string_c.o
 .bss           0x0000000080226420        0x0 .tmp_kallsyms2.o
                0x0000000080226420                _ebss = .
LOAD build/benos/kallsyms_c.o
LOAD build/benos/trap_c.o
LOAD build/benos/stacktrace_c.o
LOAD build/benos/memset_c.o
LOAD build/benos/kernel_c.o
LOAD build/benos/memset_s.o
LOAD build/benos/entry_s.o
LOAD build/benos/boot_s.o
LOAD build/benos/asm_test_s.o
LOAD build/benos/early_printk_s.o
LOAD build/lib/printk_c.o
LOAD build/lib/string_c.o
LOAD .tmp_kallsyms2.o
OUTPUT(build/benos/benos.elf elf64-littleriscv)

.debug_info     0x0000000000000000     0x1cb3
 .debug_info    0x0000000000000000      0x368 build/benos/kallsyms_c.o
 .debug_info    0x0000000000000368      0x796 build/benos/trap_c.o
 .debug_info    0x0000000000000afe      0x176 build/benos/stacktrace_c.o
 .debug_info    0x0000000000000c74      0x22d build/benos/memset_c.o
 .debug_info    0x0000000000000ea1      0x78c build/benos/kernel_c.o
 .debug_info    0x000000000000162d       0x2e build/benos/memset_s.o
 .debug_info    0x000000000000165b       0x2e build/benos/entry_s.o
 .debug_info    0x0000000000001689       0x2e build/benos/boot_s.o
 .debug_info    0x00000000000016b7       0x2e build/benos/asm_test_s.o
 .debug_info    0x00000000000016e5       0x2e build/benos/early_printk_s.o
 .debug_info    0x0000000000001713      0x498 build/lib/printk_c.o
 .debug_info    0x0000000000001bab      0x108 build/lib/string_c.o

.debug_abbrev   0x0000000000000000      0x9b2
 .debug_abbrev  0x0000000000000000      0x130 build/benos/kallsyms_c.o
 .debug_abbrev  0x0000000000000130      0x1a2 build/benos/trap_c.o
 .debug_abbrev  0x00000000000002d2      0x100 build/benos/stacktrace_c.o
 .debug_abbrev  0x00000000000003d2       0xfb build/benos/memset_c.o
 .debug_abbrev  0x00000000000004cd      0x21e build/benos/kernel_c.o
 .debug_abbrev  0x00000000000006eb       0x14 build/benos/memset_s.o
 .debug_abbrev  0x00000000000006ff       0x14 build/benos/entry_s.o
 .debug_abbrev  0x0000000000000713       0x14 build/benos/boot_s.o
 .debug_abbrev  0x0000000000000727       0x14 build/benos/asm_test_s.o
 .debug_abbrev  0x000000000000073b       0x14 build/benos/early_printk_s.o
 .debug_abbrev  0x000000000000074f      0x1ac build/lib/printk_c.o
 .debug_abbrev  0x00000000000008fb       0xb7 build/lib/string_c.o

.debug_aranges  0x0000000000000000      0x240
 .debug_aranges
                0x0000000000000000       0x30 build/benos/kallsyms_c.o
 .debug_aranges
                0x0000000000000030       0x30 build/benos/trap_c.o
 .debug_aranges
                0x0000000000000060       0x30 build/benos/stacktrace_c.o
 .debug_aranges
                0x0000000000000090       0x30 build/benos/memset_c.o
 .debug_aranges
                0x00000000000000c0       0x30 build/benos/kernel_c.o
 .debug_aranges
                0x00000000000000f0       0x30 build/benos/memset_s.o
 .debug_aranges
                0x0000000000000120       0x30 build/benos/entry_s.o
 .debug_aranges
                0x0000000000000150       0x30 build/benos/boot_s.o
 .debug_aranges
                0x0000000000000180       0x30 build/benos/asm_test_s.o
 .debug_aranges
                0x00000000000001b0       0x30 build/benos/early_printk_s.o
 .debug_aranges
                0x00000000000001e0       0x30 build/lib/printk_c.o
 .debug_aranges
                0x0000000000000210       0x30 build/lib/string_c.o

.debug_line     0x0000000000000000     0x21da
 .debug_line    0x0000000000000000      0x368 build/benos/kallsyms_c.o
 .debug_line    0x0000000000000368      0x324 build/benos/trap_c.o
 .debug_line    0x000000000000068c      0x15d build/benos/stacktrace_c.o
 .debug_line    0x00000000000007e9      0x211 build/benos/memset_c.o
 .debug_line    0x00000000000009fa      0x6ae build/benos/kernel_c.o
 .debug_line    0x00000000000010a8       0x5d build/benos/memset_s.o
 .debug_line    0x0000000000001105       0x7d build/benos/entry_s.o
 .debug_line    0x0000000000001182       0x7f build/benos/boot_s.o
 .debug_line    0x0000000000001201      0x275 build/benos/asm_test_s.o
 .debug_line    0x0000000000001476      0x105 build/benos/early_printk_s.o
 .debug_line    0x000000000000157b      0xb7c build/lib/printk_c.o
 .debug_line    0x00000000000020f7       0xe3 build/lib/string_c.o

.debug_str      0x0000000000000000      0x72b
 .debug_str     0x0000000000000000      0x1d3 build/benos/kallsyms_c.o
                                        0x200 (size before relaxing)
 .debug_str     0x00000000000001d3      0x16b build/benos/trap_c.o
                                        0x24c (size before relaxing)
 .debug_str     0x000000000000033e       0x4d build/benos/stacktrace_c.o
                                        0x13c (size before relaxing)
 .debug_str     0x000000000000038b       0x62 build/benos/memset_c.o
                                        0x13f (size before relaxing)
 .debug_str     0x00000000000003ed      0x1ae build/benos/kernel_c.o
                                        0x2b4 (size before relaxing)
 .debug_str     0x000000000000059b       0x19 build/benos/memset_s.o
                                         0x38 (size before relaxing)
 .debug_str     0x00000000000005b4        0xc build/benos/entry_s.o
                                         0x37 (size before relaxing)
 .debug_str     0x00000000000005c0        0xb build/benos/boot_s.o
                                         0x36 (size before relaxing)
 .debug_str     0x00000000000005cb        0xf build/benos/asm_test_s.o
                                         0x3a (size before relaxing)
 .debug_str     0x00000000000005da       0x13 build/benos/early_printk_s.o
                                         0x3e (size before relaxing)
 .debug_str     0x00000000000005ed      0x11e build/lib/printk_c.o
                                        0x218 (size before relaxing)
 .debug_str     0x000000000000070b       0x20 build/lib/string_c.o
                                         0xc0 (size before relaxing)

.comment        0x0000000000000000       0x24
 .comment       0x0000000000000000       0x24 build/benos/kallsyms_c.o
                                         0x25 (size before relaxing)
 .comment       0x0000000000000024       0x25 build/benos/trap_c.o
 .comment       0x0000000000000024       0x25 build/benos/stacktrace_c.o
 .comment       0x0000000000000024       0x25 build/benos/memset_c.o
 .comment       0x0000000000000024       0x25 build/benos/kernel_c.o
 .comment       0x0000000000000024       0x25 build/lib/printk_c.o
 .comment       0x0000000000000024       0x25 build/lib/string_c.o

.note.GNU-stack
                0x0000000000000000        0x0
 .note.GNU-stack
                0x0000000000000000        0x0 build/benos/kallsyms_c.o
 .note.GNU-stack
                0x0000000000000000        0x0 build/benos/trap_c.o
 .note.GNU-stack
                0x0000000000000000        0x0 build/benos/stacktrace_c.o
 .note.GNU-stack
                0x0000000000000000        0x0 build/benos/memset_c.o
 .note.GNU-stack
                0x0000000000000000        0x0 build/benos/kernel_c.o
 .note.GNU-stack
                0x0000000000000000        0x0 build/lib/printk_c.o
 .note.GNU-stack
                0x0000000000000000        0x0 build/lib/string_c.o

.debug_frame    0x0000000000000000      0xb78
 .debug_frame   0x0000000000000000      0x108 build/benos/kallsyms_c.o
 .debug_frame   0x0000000000000108      0x368 build/benos/trap_c.o
 .debug_frame   0x0000000000000470       0xa0 build/benos/stacktrace_c.o
 .debug_frame   0x0000000000000510       0xd0 build/benos/memset_c.o
 .debug_frame   0x00000000000005e0      0x428 build/benos/kernel_c.o
 .debug_frame   0x0000000000000a08      0x100 build/lib/printk_c.o
 .debug_frame   0x0000000000000b08       0x70 build/lib/string_c.o
