
There are no discarded input sections

Memory Configuration

Name             Origin             Length             Attributes
*default*        0x0000000000000000 0xffffffffffffffff

Linker script and memory map

                0x0000000080200000                . = 0x80200000
                0x0000000080200000                _text_boot = .

.text.boot      0x0000000080200000       0x3c
 *(.text.boot)
 .text.boot     0x0000000080200000       0x3c build/benos/boot_s.o
                0x0000000080200000                _start
                0x000000008020003c                _etext_boot = .
                0x0000000080200040                . = ALIGN (0x8)
                0x0000000080200040                _text = .
                0x0000000080200040                _stext = .

.text           0x0000000080200040     0x2580
 *(.text)
 .text          0x0000000080200040      0x488 build/benos/kallsyms_c.o
                0x0000000080200258                kallsyms_lookup
                0x0000000080200434                print_symbol
 .text          0x00000000802004c8      0x2a0 build/benos/kernel_c.o
                0x0000000080200690                uart_get
                0x00000000802006e8                kernel_main
 .text          0x0000000080200768      0x2e8 build/benos/memset_c.o
                0x00000000802009f8                memset
 .text          0x0000000080200a50      0x160 build/benos/stacktrace_c.o
                0x0000000080200b7c                dump_stack
 .text          0x0000000080200bb0      0x69c build/benos/trap_c.o
                0x0000000080200bb0                panic
                0x0000000080200bd4                show_regs
                0x0000000080200e50                do_trap_unknown
                0x0000000080200e8c                do_trap_insn_misaligned
                0x0000000080200ec8                do_trap_insn_fault
                0x0000000080200f04                do_trap_insn_illegal
                0x0000000080200f40                do_trap_load_misaligned
                0x0000000080200f7c                do_trap_load_fault
                0x0000000080200fb8                do_trap_store_misaligned
                0x0000000080200ff4                do_trap_store_fault
                0x0000000080201030                do_trap_ecall_u
                0x000000008020106c                do_trap_ecall_s
                0x00000000802010a8                do_trap_break
                0x00000000802010e4                do_page_fault
                0x000000008020115c                do_exception
                0x00000000802011d4                trap_init
 *fill*         0x000000008020124c        0x4 
 .text          0x0000000080201250      0x217 build/benos/asm_test_s.o
                0x0000000080201250                my_test_data
                0x0000000080201258                load_store_test
                0x0000000080201290                shift_test
                0x00000000802012d8                add_sub_test
                0x000000008020131c                add_test
                0x0000000080201328                branch_test
                0x000000008020134c                my_memcpy_test
                0x000000008020137c                compare_and_return
                0x0000000080201394                sel_test
                0x00000000802013ac                bl_test
                0x00000000802013c8                func_addr
                0x00000000802013e0                func_string
                0x00000000802013f8                func_num_syms
                0x0000000080201400                op_1
                0x0000000080201408                op_2
                0x0000000080201410                macro_test_1
                0x0000000080201438                macro_test_2
 *fill*         0x0000000080201467        0x1 
 .text          0x0000000080201468        0x0 build/benos/boot_s.o
 .text          0x0000000080201468       0x9c build/benos/early_printk_s.o
                0x0000000080201468                __init_uart
                0x00000000802014c0                put_uart
                0x00000000802014e0                put_string_uart
 .text          0x0000000080201504      0x15c build/benos/entry_s.o
                0x0000000080201504                do_exception_vector
                0x0000000080201654                trigger_load_access_fault
 .text          0x0000000080201660       0x18 build/benos/memset_s.o
                0x0000000080201660                __memset_16bytes_asm
 .text          0x0000000080201678      0xe80 build/lib/printk_c.o
                0x0000000080201b2c                myprintf
                0x00000000802022dc                init_printk_done
                0x0000000080202394                printk
 .text          0x00000000802024f8       0xc8 build/lib/string_c.o
                0x00000000802024f8                strlen
                0x000000008020254c                memcpy
 .text          0x00000000802025c0        0x0 .tmp_kallsyms2.o
                0x00000000802025c0                . = ALIGN (0x8)
                0x00000000802025c0                _etext = .
                0x00000000802025c0                _rodata = .

.rodata         0x0000000080202600     0x1800
 *(.rodata)
 .rodata        0x0000000080202600       0x20 build/benos/kallsyms_c.o
 .rodata        0x0000000080202620       0xb7 build/benos/kernel_c.o
 *fill*         0x00000000802026d7        0x1 
 .rodata        0x00000000802026d8       0x45 build/benos/stacktrace_c.o
 *fill*         0x000000008020271d        0x3 
 .rodata        0x0000000080202720      0x4c5 build/benos/trap_c.o
 *fill*         0x0000000080202be5        0x3 
 .rodata        0x0000000080202be8       0x10 build/benos/boot_s.o
                0x0000000080202be8                boot_string
 .rodata        0x0000000080202bf8      0x120 build/lib/printk_c.o
 *fill*         0x0000000080202d18       0xe8 
 .rodata        0x0000000080202e00     0x1000 .tmp_kallsyms2.o
                0x0000000080202e00                kallsyms_addresses
                0x0000000080203100                kallsyms_num_syms
                0x0000000080203200                kallsyms_names
                0x0000000080203400                kallsyms_markers
                0x0000000080203500                kallsyms_token_table
                0x0000000080203c00                kallsyms_token_index
                0x0000000080203e00                _erodata = .
                0x0000000080203e00                _data = .

.eh_frame       0x0000000080203e00      0x708
 .eh_frame      0x0000000080203e00       0xe0 build/benos/kallsyms_c.o
 .eh_frame      0x0000000080203ee0      0x130 build/benos/kernel_c.o
                                        0x148 (size before relaxing)
 .eh_frame      0x0000000080204010       0xa0 build/benos/memset_c.o
                                         0xb0 (size before relaxing)
 .eh_frame      0x00000000802040b0       0x78 build/benos/stacktrace_c.o
                                         0x88 (size before relaxing)
 .eh_frame      0x0000000080204128      0x2c8 build/benos/trap_c.o
                                        0x2e0 (size before relaxing)
 .eh_frame      0x00000000802043f0       0xd0 build/lib/printk_c.o
                                         0xe0 (size before relaxing)
 .eh_frame      0x00000000802044c0       0x48 build/lib/string_c.o
                                         0x60 (size before relaxing)

.rela.dyn       0x0000000080204508        0x0
 .rela.text     0x0000000080204508        0x0 build/benos/kallsyms_c.o
 .rela.rodata   0x0000000080204508        0x0 build/benos/kallsyms_c.o

.data           0x0000000080205000     0x1000
 *(.data)
 .data          0x0000000080205000        0x0 build/benos/kallsyms_c.o
 .data          0x0000000080205000        0x0 build/benos/kernel_c.o
 .data          0x0000000080205000        0x0 build/benos/memset_c.o
 .data          0x0000000080205000        0x0 build/benos/stacktrace_c.o
 .data          0x0000000080205000        0x0 build/benos/trap_c.o
 .data          0x0000000080205000        0x0 build/benos/asm_test_s.o
 .data          0x0000000080205000     0x1000 build/benos/boot_s.o
                0x0000000080205000                stacks_start
 .data          0x0000000080206000        0x0 build/benos/early_printk_s.o
 .data          0x0000000080206000        0x0 build/benos/entry_s.o
 .data          0x0000000080206000        0x0 build/benos/memset_s.o
 .data          0x0000000080206000        0x0 build/lib/printk_c.o
 .data          0x0000000080206000        0x0 build/lib/string_c.o
 .data          0x0000000080206000        0x0 .tmp_kallsyms2.o
                0x0000000080206000                _edata = .

.sdata          0x0000000080206000        0x8
 .sdata         0x0000000080206000        0x8 build/lib/printk_c.o
                0x0000000080206008                . = ALIGN (0x8)
                0x0000000080206008                _bss = .

.bss            0x0000000080206008    0x20418
 *(.bss*)
 .bss           0x0000000080206008        0x0 build/benos/kallsyms_c.o
 .bss           0x0000000080206008        0x0 build/benos/kernel_c.o
 .bss           0x0000000080206008        0x0 build/benos/memset_c.o
 .bss           0x0000000080206008        0x0 build/benos/stacktrace_c.o
 .bss           0x0000000080206008        0x0 build/benos/trap_c.o
 .bss           0x0000000080206008        0x0 build/benos/asm_test_s.o
 .bss           0x0000000080206008        0x0 build/benos/boot_s.o
 .bss           0x0000000080206008        0x0 build/benos/early_printk_s.o
 .bss           0x0000000080206008        0x0 build/benos/entry_s.o
 .bss           0x0000000080206008        0x0 build/benos/memset_s.o
 .bss           0x0000000080206008    0x20418 build/lib/printk_c.o
 .bss           0x0000000080226420        0x0 build/lib/string_c.o
 .bss           0x0000000080226420        0x0 .tmp_kallsyms2.o
                0x0000000080226420                _ebss = .
LOAD build/benos/kallsyms_c.o
LOAD build/benos/kernel_c.o
LOAD build/benos/memset_c.o
LOAD build/benos/stacktrace_c.o
LOAD build/benos/trap_c.o
LOAD build/benos/asm_test_s.o
LOAD build/benos/boot_s.o
LOAD build/benos/early_printk_s.o
LOAD build/benos/entry_s.o
LOAD build/benos/memset_s.o
LOAD build/lib/printk_c.o
LOAD build/lib/string_c.o
LOAD .tmp_kallsyms2.o
OUTPUT(build/benos/benos.elf elf64-littleriscv)

.debug_info     0x0000000000000000     0x177b
 .debug_info    0x0000000000000000      0x355 build/benos/kallsyms_c.o
 .debug_info    0x0000000000000355      0x2a0 build/benos/kernel_c.o
 .debug_info    0x00000000000005f5      0x218 build/benos/memset_c.o
 .debug_info    0x000000000000080d      0x185 build/benos/stacktrace_c.o
 .debug_info    0x0000000000000992      0x771 build/benos/trap_c.o
 .debug_info    0x0000000000001103       0x29 build/benos/asm_test_s.o
 .debug_info    0x000000000000112c       0x28 build/benos/boot_s.o
 .debug_info    0x0000000000001154       0x29 build/benos/early_printk_s.o
 .debug_info    0x000000000000117d       0x29 build/benos/entry_s.o
 .debug_info    0x00000000000011a6       0x28 build/benos/memset_s.o
 .debug_info    0x00000000000011ce      0x4b0 build/lib/printk_c.o
 .debug_info    0x000000000000167e       0xfd build/lib/string_c.o

.debug_abbrev   0x0000000000000000      0x9c9
 .debug_abbrev  0x0000000000000000      0x158 build/benos/kallsyms_c.o
 .debug_abbrev  0x0000000000000158      0x189 build/benos/kernel_c.o
 .debug_abbrev  0x00000000000002e1       0xfb build/benos/memset_c.o
 .debug_abbrev  0x00000000000003dc      0x125 build/benos/stacktrace_c.o
 .debug_abbrev  0x0000000000000501      0x1d6 build/benos/trap_c.o
 .debug_abbrev  0x00000000000006d7       0x14 build/benos/asm_test_s.o
 .debug_abbrev  0x00000000000006eb       0x14 build/benos/boot_s.o
 .debug_abbrev  0x00000000000006ff       0x14 build/benos/early_printk_s.o
 .debug_abbrev  0x0000000000000713       0x14 build/benos/entry_s.o
 .debug_abbrev  0x0000000000000727       0x14 build/benos/memset_s.o
 .debug_abbrev  0x000000000000073b      0x1d4 build/lib/printk_c.o
 .debug_abbrev  0x000000000000090f       0xba build/lib/string_c.o

.debug_aranges  0x0000000000000000      0x240
 .debug_aranges
                0x0000000000000000       0x30 build/benos/kallsyms_c.o
 .debug_aranges
                0x0000000000000030       0x30 build/benos/kernel_c.o
 .debug_aranges
                0x0000000000000060       0x30 build/benos/memset_c.o
 .debug_aranges
                0x0000000000000090       0x30 build/benos/stacktrace_c.o
 .debug_aranges
                0x00000000000000c0       0x30 build/benos/trap_c.o
 .debug_aranges
                0x00000000000000f0       0x30 build/benos/asm_test_s.o
 .debug_aranges
                0x0000000000000120       0x30 build/benos/boot_s.o
 .debug_aranges
                0x0000000000000150       0x30 build/benos/early_printk_s.o
 .debug_aranges
                0x0000000000000180       0x30 build/benos/entry_s.o
 .debug_aranges
                0x00000000000001b0       0x30 build/benos/memset_s.o
 .debug_aranges
                0x00000000000001e0       0x30 build/lib/printk_c.o
 .debug_aranges
                0x0000000000000210       0x30 build/lib/string_c.o

.debug_line     0x0000000000000000     0x1dc6
 .debug_line    0x0000000000000000      0x35b build/benos/kallsyms_c.o
 .debug_line    0x000000000000035b      0x208 build/benos/kernel_c.o
 .debug_line    0x0000000000000563      0x203 build/benos/memset_c.o
 .debug_line    0x0000000000000766      0x177 build/benos/stacktrace_c.o
 .debug_line    0x00000000000008dd      0x361 build/benos/trap_c.o
 .debug_line    0x0000000000000c3e      0x280 build/benos/asm_test_s.o
 .debug_line    0x0000000000000ebe       0x8e build/benos/boot_s.o
 .debug_line    0x0000000000000f4c      0x10c build/benos/early_printk_s.o
 .debug_line    0x0000000000001058       0x8b build/benos/entry_s.o
 .debug_line    0x00000000000010e3       0x6a build/benos/memset_s.o
 .debug_line    0x000000000000114d      0xb8b build/lib/printk_c.o
 .debug_line    0x0000000000001cd8       0xee build/lib/string_c.o

.debug_str      0x0000000000000000      0x5fc
 .debug_str     0x0000000000000000      0x5fc build/benos/kallsyms_c.o
                                        0x1f4 (size before relaxing)
 .debug_str     0x00000000000005fc      0x17d build/benos/kernel_c.o
 .debug_str     0x00000000000005fc      0x12e build/benos/memset_c.o
 .debug_str     0x00000000000005fc      0x12e build/benos/stacktrace_c.o
 .debug_str     0x00000000000005fc      0x263 build/benos/trap_c.o
 .debug_str     0x00000000000005fc       0x43 build/benos/asm_test_s.o
 .debug_str     0x00000000000005fc       0x3f build/benos/boot_s.o
 .debug_str     0x00000000000005fc       0x47 build/benos/early_printk_s.o
 .debug_str     0x00000000000005fc       0x40 build/benos/entry_s.o
 .debug_str     0x00000000000005fc       0x41 build/benos/memset_s.o
 .debug_str     0x00000000000005fc      0x21c build/lib/printk_c.o
 .debug_str     0x00000000000005fc       0xaf build/lib/string_c.o

.debug_line_str
                0x0000000000000000      0x12e
 .debug_line_str
                0x0000000000000000      0x12e build/benos/kallsyms_c.o
                                         0x91 (size before relaxing)
 .debug_line_str
                0x000000000000012e       0x96 build/benos/kernel_c.o
 .debug_line_str
                0x000000000000012e       0x82 build/benos/memset_c.o
 .debug_line_str
                0x000000000000012e       0x90 build/benos/stacktrace_c.o
 .debug_line_str
                0x000000000000012e       0x93 build/benos/trap_c.o
 .debug_line_str
                0x000000000000012e       0x37 build/benos/asm_test_s.o
 .debug_line_str
                0x000000000000012e       0x33 build/benos/boot_s.o
 .debug_line_str
                0x000000000000012e       0x3b build/benos/early_printk_s.o
 .debug_line_str
                0x000000000000012e       0x34 build/benos/entry_s.o
 .debug_line_str
                0x000000000000012e       0x35 build/benos/memset_s.o
 .debug_line_str
                0x000000000000012e       0xc4 build/lib/printk_c.o
 .debug_line_str
                0x000000000000012e       0x73 build/lib/string_c.o

.comment        0x0000000000000000       0x2b
 .comment       0x0000000000000000       0x2b build/benos/kallsyms_c.o
                                         0x2c (size before relaxing)
 .comment       0x000000000000002b       0x2c build/benos/kernel_c.o
 .comment       0x000000000000002b       0x2c build/benos/memset_c.o
 .comment       0x000000000000002b       0x2c build/benos/stacktrace_c.o
 .comment       0x000000000000002b       0x2c build/benos/trap_c.o
 .comment       0x000000000000002b       0x2c build/lib/printk_c.o
 .comment       0x000000000000002b       0x2c build/lib/string_c.o

.note.GNU-stack
                0x0000000000000000        0x0
 .note.GNU-stack
                0x0000000000000000        0x0 build/benos/kallsyms_c.o
 .note.GNU-stack
                0x0000000000000000        0x0 build/benos/kernel_c.o
 .note.GNU-stack
                0x0000000000000000        0x0 build/benos/memset_c.o
 .note.GNU-stack
                0x0000000000000000        0x0 build/benos/stacktrace_c.o
 .note.GNU-stack
                0x0000000000000000        0x0 build/benos/trap_c.o
 .note.GNU-stack
                0x0000000000000000        0x0 build/lib/printk_c.o
 .note.GNU-stack
                0x0000000000000000        0x0 build/lib/string_c.o

.riscv.attributes
                0x0000000000000000       0x46
 .riscv.attributes
                0x0000000000000000       0x42 build/benos/kallsyms_c.o
 .riscv.attributes
                0x0000000000000042       0x42 build/benos/kernel_c.o
 .riscv.attributes
                0x0000000000000084       0x42 build/benos/memset_c.o
 .riscv.attributes
                0x00000000000000c6       0x42 build/benos/stacktrace_c.o
 .riscv.attributes
                0x0000000000000108       0x46 build/benos/trap_c.o
 .riscv.attributes
                0x000000000000014e       0x40 build/benos/asm_test_s.o
 .riscv.attributes
                0x000000000000018e       0x44 build/benos/boot_s.o
 .riscv.attributes
                0x00000000000001d2       0x40 build/benos/early_printk_s.o
 .riscv.attributes
                0x0000000000000212       0x44 build/benos/entry_s.o
 .riscv.attributes
                0x0000000000000256       0x40 build/benos/memset_s.o
 .riscv.attributes
                0x0000000000000296       0x42 build/lib/printk_c.o
 .riscv.attributes
                0x00000000000002d8       0x42 build/lib/string_c.o
 .riscv.attributes
                0x000000000000031a       0x40 .tmp_kallsyms2.o
