
Memory Configuration

Name             Origin             Length             Attributes
*default*        0x0000000000000000 0xffffffffffffffff

Linker script and memory map

                0x0000000080000000                . = 0x80000000

.text.boot      0x0000000080000000       0x1c
 *(.text.boot)
 .text.boot     0x0000000080000000       0x1c build/sbi/sbi_boot_s.o
                0x0000000080000000                _start

.text           0x0000000080000020     0x1828
 *(.text)
 .text          0x0000000080000020       0xd8 build/sbi/sbi_main_c.o
                0x0000000080000020                sbi_main
 .text          0x00000000800000f8      0x254 build/sbi/uart_c.o
                0x00000000800000f8                uart_send
                0x0000000080000158                uart_send_string
                0x00000000800001c4                putchar
                0x0000000080000214                uart_get
                0x000000008000026c                uart_init
 .text          0x000000008000034c      0x49c build/sbi/sbi_trap_c.o
                0x000000008000034c                sbi_panic
                0x0000000080000668                sbi_trap_handler
                0x000000008000075c                delegate_traps
                0x00000000800007ac                sbi_trap_init
 .text          0x00000000800007e8        0x0 build/sbi/sbi_boot_s.o
 .text          0x00000000800007e8        0x0 build/sbi/sbi_payload_s.o
 *fill*         0x00000000800007e8        0x0 
 .text          0x00000000800007e8      0x130 build/sbi/sbi_entry_s.o
                0x00000000800007e8                sbi_exception_vector
 .text          0x0000000080000918      0xe68 build/lib/printk_c.o
                0x0000000080000dbc                myprintf
                0x0000000080001568                init_printk_done
                0x0000000080001620                printk
 .text          0x0000000080001780       0xc8 build/lib/string_c.o
                0x0000000080001780                strlen
                0x00000000800017d4                memcpy

.rodata         0x0000000080001848      0x4e0
 *(.rodata)
 .rodata        0x0000000080001848      0x153 build/sbi/sbi_main_c.o
 *fill*         0x000000008000199b        0x5 
 .rodata        0x00000000800019a0      0x267 build/sbi/sbi_trap_c.o
 *fill*         0x0000000080001c07        0x1 
 .rodata        0x0000000080001c08      0x120 build/lib/printk_c.o

.data           0x0000000080002000     0x1000
 *(.data)
 .data          0x0000000080002000        0x0 build/sbi/sbi_main_c.o
 .data          0x0000000080002000        0x0 build/sbi/uart_c.o
 .data          0x0000000080002000        0x0 build/sbi/sbi_trap_c.o
 .data          0x0000000080002000     0x1000 build/sbi/sbi_boot_s.o
                0x0000000080002000                stacks_start
 .data          0x0000000080003000        0x0 build/sbi/sbi_payload_s.o
 .data          0x0000000080003000        0x0 build/sbi/sbi_entry_s.o
 .data          0x0000000080003000        0x0 build/lib/printk_c.o
 .data          0x0000000080003000        0x0 build/lib/string_c.o

.sdata          0x0000000080003000       0x10
 .sdata         0x0000000080003000        0x4 build/sbi/uart_c.o
 *fill*         0x0000000080003004        0x4 
 .sdata         0x0000000080003008        0x8 build/lib/printk_c.o
                0x0000000080003010                . = ALIGN (0x8)
                0x0000000080003010                bss_begin = .

.bss            0x0000000080003010    0x20418
 *(.bss*)
 .bss           0x0000000080003010        0x0 build/sbi/sbi_main_c.o
 .bss           0x0000000080003010        0x0 build/sbi/uart_c.o
 .bss           0x0000000080003010        0x0 build/sbi/sbi_trap_c.o
 .bss           0x0000000080003010        0x0 build/sbi/sbi_boot_s.o
 .bss           0x0000000080003010        0x0 build/sbi/sbi_payload_s.o
 .bss           0x0000000080003010        0x0 build/sbi/sbi_entry_s.o
 .bss           0x0000000080003010    0x20418 build/lib/printk_c.o
 .bss           0x0000000080023428        0x0 build/lib/string_c.o
                0x0000000080023428                bss_end = .
                0x0000000080200000                . = 0x80200000

.payload        0x0000000080200000     0x6008
                [!provide]                        PROVIDE (_payload_start = .)
 *(.payload)
 .payload       0x0000000080200000     0x6008 build/sbi/sbi_payload_s.o
                0x0000000080200000                payload_bin
                0x0000000080206008                . = ALIGN (0x8)
                [!provide]                        PROVIDE (_payload_end = .)
LOAD build/sbi/sbi_main_c.o
LOAD build/sbi/uart_c.o
LOAD build/sbi/sbi_trap_c.o
LOAD build/sbi/sbi_boot_s.o
LOAD build/sbi/sbi_payload_s.o
LOAD build/sbi/sbi_entry_s.o
LOAD build/lib/printk_c.o
LOAD build/lib/string_c.o
OUTPUT(build/sbi/benos_payload.elf elf64-littleriscv)

.debug_info     0x0000000000000000      0xe92
 .debug_info    0x0000000000000000      0x138 build/sbi/sbi_main_c.o
 .debug_info    0x0000000000000138      0x2d1 build/sbi/uart_c.o
 .debug_info    0x0000000000000409      0x48d build/sbi/sbi_trap_c.o
 .debug_info    0x0000000000000896       0x2e build/sbi/sbi_boot_s.o
 .debug_info    0x00000000000008c4       0x2e build/sbi/sbi_entry_s.o
 .debug_info    0x00000000000008f2      0x498 build/lib/printk_c.o
 .debug_info    0x0000000000000d8a      0x108 build/lib/string_c.o

.debug_abbrev   0x0000000000000000      0x54e
 .debug_abbrev  0x0000000000000000       0x5e build/sbi/sbi_main_c.o
 .debug_abbrev  0x000000000000005e       0xea build/sbi/uart_c.o
 .debug_abbrev  0x0000000000000148      0x17b build/sbi/sbi_trap_c.o
 .debug_abbrev  0x00000000000002c3       0x14 build/sbi/sbi_boot_s.o
 .debug_abbrev  0x00000000000002d7       0x14 build/sbi/sbi_entry_s.o
 .debug_abbrev  0x00000000000002eb      0x1ac build/lib/printk_c.o
 .debug_abbrev  0x0000000000000497       0xb7 build/lib/string_c.o

.debug_aranges  0x0000000000000000      0x150
 .debug_aranges
                0x0000000000000000       0x30 build/sbi/sbi_main_c.o
 .debug_aranges
                0x0000000000000030       0x30 build/sbi/uart_c.o
 .debug_aranges
                0x0000000000000060       0x30 build/sbi/sbi_trap_c.o
 .debug_aranges
                0x0000000000000090       0x30 build/sbi/sbi_boot_s.o
 .debug_aranges
                0x00000000000000c0       0x30 build/sbi/sbi_entry_s.o
 .debug_aranges
                0x00000000000000f0       0x30 build/lib/printk_c.o
 .debug_aranges
                0x0000000000000120       0x30 build/lib/string_c.o

.debug_line     0x0000000000000000     0x14a8
 .debug_line    0x0000000000000000       0xf5 build/sbi/sbi_main_c.o
 .debug_line    0x00000000000000f5      0x2af build/sbi/uart_c.o
 .debug_line    0x00000000000003a4      0x246 build/sbi/sbi_trap_c.o
 .debug_line    0x00000000000005ea       0x5f build/sbi/sbi_boot_s.o
 .debug_line    0x0000000000000649      0x200 build/sbi/sbi_entry_s.o
 .debug_line    0x0000000000000849      0xb7c build/lib/printk_c.o
 .debug_line    0x00000000000013c5       0xe3 build/lib/string_c.o

.debug_str      0x0000000000000000      0x357
 .debug_str     0x0000000000000000       0xab build/sbi/sbi_main_c.o
 .debug_str     0x00000000000000ab       0x67 build/sbi/uart_c.o
                                         0xfa (size before relaxing)
 .debug_str     0x0000000000000112       0xb1 build/sbi/sbi_trap_c.o
                                        0x15b (size before relaxing)
 .debug_str     0x00000000000001c3       0x1b build/sbi/sbi_boot_s.o
                                         0x3a (size before relaxing)
 .debug_str     0x00000000000001de       0x10 build/sbi/sbi_entry_s.o
                                         0x3b (size before relaxing)
 .debug_str     0x00000000000001ee      0x13c build/lib/printk_c.o
                                        0x218 (size before relaxing)
 .debug_str     0x000000000000032a       0x2d build/lib/string_c.o
                                         0xc0 (size before relaxing)

.comment        0x0000000000000000       0x24
 .comment       0x0000000000000000       0x24 build/sbi/sbi_main_c.o
                                         0x25 (size before relaxing)
 .comment       0x0000000000000024       0x25 build/sbi/uart_c.o
 .comment       0x0000000000000024       0x25 build/sbi/sbi_trap_c.o
 .comment       0x0000000000000024       0x25 build/lib/printk_c.o
 .comment       0x0000000000000024       0x25 build/lib/string_c.o

.note.GNU-stack
                0x0000000000000000        0x0
 .note.GNU-stack
                0x0000000000000000        0x0 build/sbi/sbi_main_c.o
 .note.GNU-stack
                0x0000000000000000        0x0 build/sbi/uart_c.o
 .note.GNU-stack
                0x0000000000000000        0x0 build/sbi/sbi_trap_c.o
 .note.GNU-stack
                0x0000000000000000        0x0 build/lib/printk_c.o
 .note.GNU-stack
                0x0000000000000000        0x0 build/lib/string_c.o

.debug_frame    0x0000000000000000      0x3e0
 .debug_frame   0x0000000000000000       0x40 build/sbi/sbi_main_c.o
 .debug_frame   0x0000000000000040      0x100 build/sbi/uart_c.o
 .debug_frame   0x0000000000000140      0x130 build/sbi/sbi_trap_c.o
 .debug_frame   0x0000000000000270      0x100 build/lib/printk_c.o
 .debug_frame   0x0000000000000370       0x70 build/lib/string_c.o
