
There are no discarded input sections

Memory Configuration

Name             Origin             Length             Attributes
*default*        0x0000000000000000 0xffffffffffffffff

Linker script and memory map

                0x0000000080000000                . = 0x80000000

.text.boot      0x0000000080000000       0x1c
 *(.text.boot)
 .text.boot     0x0000000080000000       0x1c build/sbi/sbi_boot_s.o
                0x0000000080000000                _start

.text           0x0000000080000020     0x17f0
 *(.text)
 .text          0x0000000080000020       0xd8 build/sbi/sbi_main_c.o
                0x0000000080000020                sbi_main
 .text          0x00000000800000f8      0x4a0 build/sbi/sbi_trap_c.o
                0x00000000800000f8                sbi_panic
                0x0000000080000418                sbi_trap_handler
                0x000000008000050c                delegate_traps
                0x000000008000055c                sbi_trap_init
 .text          0x0000000080000598      0x1fc build/sbi/uart_c.o
                0x0000000080000598                uart_send
                0x00000000800005f8                uart_send_string
                0x0000000080000664                putchar
                0x00000000800006b4                uart_init
 .text          0x0000000080000794        0x0 build/sbi/sbi_boot_s.o
 *fill*         0x0000000080000794        0x4 
 .text          0x0000000080000798      0x130 build/sbi/sbi_entry_s.o
                0x0000000080000798                sbi_exception_vector
 .text          0x00000000800008c8        0x0 build/sbi/sbi_payload_s.o
 .text          0x00000000800008c8      0xe80 build/lib/printk_c.o
                0x0000000080000d7c                myprintf
                0x000000008000152c                init_printk_done
                0x00000000800015e4                printk
 .text          0x0000000080001748       0xc8 build/lib/string_c.o
                0x0000000080001748                strlen
                0x000000008000179c                memcpy

.payload        0x0000000080001810     0x6008
 .payload       0x0000000080001810     0x6008 build/sbi/sbi_payload_s.o
                0x0000000080001810                payload_bin

.rodata         0x0000000080007818      0x4e0
 *(.rodata)
 .rodata        0x0000000080007818      0x153 build/sbi/sbi_main_c.o
 *fill*         0x000000008000796b        0x5 
 .rodata        0x0000000080007970      0x267 build/sbi/sbi_trap_c.o
 *fill*         0x0000000080007bd7        0x1 
 .rodata        0x0000000080007bd8      0x120 build/lib/printk_c.o

.eh_frame       0x0000000080007cf8      0x2d8
 .eh_frame      0x0000000080007cf8       0x40 build/sbi/sbi_main_c.o
 .eh_frame      0x0000000080007d38       0xe8 build/sbi/sbi_trap_c.o
                                        0x100 (size before relaxing)
 .eh_frame      0x0000000080007e20       0x98 build/sbi/uart_c.o
                                         0xb0 (size before relaxing)
 .eh_frame      0x0000000080007eb8       0xd0 build/lib/printk_c.o
                                         0xe0 (size before relaxing)
 .eh_frame      0x0000000080007f88       0x48 build/lib/string_c.o
                                         0x60 (size before relaxing)

.data           0x0000000080008000     0x1000
 *(.data)
 .data          0x0000000080008000        0x0 build/sbi/sbi_main_c.o
 .data          0x0000000080008000        0x0 build/sbi/sbi_trap_c.o
 .data          0x0000000080008000        0x0 build/sbi/uart_c.o
 .data          0x0000000080008000     0x1000 build/sbi/sbi_boot_s.o
                0x0000000080008000                stacks_start
 .data          0x0000000080009000        0x0 build/sbi/sbi_entry_s.o
 .data          0x0000000080009000        0x0 build/sbi/sbi_payload_s.o
 .data          0x0000000080009000        0x0 build/lib/printk_c.o
 .data          0x0000000080009000        0x0 build/lib/string_c.o

.sdata          0x0000000080009000       0x10
 .sdata         0x0000000080009000        0x4 build/sbi/uart_c.o
 *fill*         0x0000000080009004        0x4 
 .sdata         0x0000000080009008        0x8 build/lib/printk_c.o
                0x0000000080009010                . = ALIGN (0x8)
                0x0000000080009010                bss_begin = .

.bss            0x0000000080009010    0x20418
 *(.bss*)
 .bss           0x0000000080009010        0x0 build/sbi/sbi_main_c.o
 .bss           0x0000000080009010        0x0 build/sbi/sbi_trap_c.o
 .bss           0x0000000080009010        0x0 build/sbi/uart_c.o
 .bss           0x0000000080009010        0x0 build/sbi/sbi_boot_s.o
 .bss           0x0000000080009010        0x0 build/sbi/sbi_entry_s.o
 .bss           0x0000000080009010        0x0 build/sbi/sbi_payload_s.o
 .bss           0x0000000080009010    0x20418 build/lib/printk_c.o
 .bss           0x0000000080029428        0x0 build/lib/string_c.o
                0x0000000080029428                bss_end = .
LOAD build/sbi/sbi_main_c.o
LOAD build/sbi/sbi_trap_c.o
LOAD build/sbi/uart_c.o
LOAD build/sbi/sbi_boot_s.o
LOAD build/sbi/sbi_entry_s.o
LOAD build/sbi/sbi_payload_s.o
LOAD build/lib/printk_c.o
LOAD build/lib/string_c.o
OUTPUT(build/sbi/mysbi.elf elf64-littleriscv)

.debug_info     0x0000000000000000      0xe66
 .debug_info    0x0000000000000000      0x1af build/sbi/sbi_main_c.o
 .debug_info    0x00000000000001af      0x463 build/sbi/sbi_trap_c.o
 .debug_info    0x0000000000000612      0x256 build/sbi/uart_c.o
 .debug_info    0x0000000000000868       0x28 build/sbi/sbi_boot_s.o
 .debug_info    0x0000000000000890       0x29 build/sbi/sbi_entry_s.o
 .debug_info    0x00000000000008b9      0x4b0 build/lib/printk_c.o
 .debug_info    0x0000000000000d69       0xfd build/lib/string_c.o

.debug_abbrev   0x0000000000000000      0x632
 .debug_abbrev  0x0000000000000000       0xe3 build/sbi/sbi_main_c.o
 .debug_abbrev  0x00000000000000e3      0x1cb build/sbi/sbi_trap_c.o
 .debug_abbrev  0x00000000000002ae       0xce build/sbi/uart_c.o
 .debug_abbrev  0x000000000000037c       0x14 build/sbi/sbi_boot_s.o
 .debug_abbrev  0x0000000000000390       0x14 build/sbi/sbi_entry_s.o
 .debug_abbrev  0x00000000000003a4      0x1d4 build/lib/printk_c.o
 .debug_abbrev  0x0000000000000578       0xba build/lib/string_c.o

.debug_aranges  0x0000000000000000      0x150
 .debug_aranges
                0x0000000000000000       0x30 build/sbi/sbi_main_c.o
 .debug_aranges
                0x0000000000000030       0x30 build/sbi/sbi_trap_c.o
 .debug_aranges
                0x0000000000000060       0x30 build/sbi/uart_c.o
 .debug_aranges
                0x0000000000000090       0x30 build/sbi/sbi_boot_s.o
 .debug_aranges
                0x00000000000000c0       0x30 build/sbi/sbi_entry_s.o
 .debug_aranges
                0x00000000000000f0       0x30 build/lib/printk_c.o
 .debug_aranges
                0x0000000000000120       0x30 build/lib/string_c.o

.debug_line     0x0000000000000000     0x149d
 .debug_line    0x0000000000000000      0x113 build/sbi/sbi_main_c.o
 .debug_line    0x0000000000000113      0x255 build/sbi/sbi_trap_c.o
 .debug_line    0x0000000000000368      0x248 build/sbi/uart_c.o
 .debug_line    0x00000000000005b0       0x6a build/sbi/sbi_boot_s.o
 .debug_line    0x000000000000061a      0x20a build/sbi/sbi_entry_s.o
 .debug_line    0x0000000000000824      0xb8b build/lib/printk_c.o
 .debug_line    0x00000000000013af       0xee build/lib/string_c.o

.debug_str      0x0000000000000000      0x344
 .debug_str     0x0000000000000000      0x344 build/sbi/sbi_main_c.o
                                         0xe4 (size before relaxing)
 .debug_str     0x0000000000000344      0x16c build/sbi/sbi_trap_c.o
 .debug_str     0x0000000000000344       0xe2 build/sbi/uart_c.o
 .debug_str     0x0000000000000344       0x43 build/sbi/sbi_boot_s.o
 .debug_str     0x0000000000000344       0x44 build/sbi/sbi_entry_s.o
 .debug_str     0x0000000000000344      0x21c build/lib/printk_c.o
 .debug_str     0x0000000000000344       0xaf build/lib/string_c.o

.debug_line_str
                0x0000000000000000       0xfe
 .debug_line_str
                0x0000000000000000       0xfe build/sbi/sbi_main_c.o
                                         0x9c (size before relaxing)
 .debug_line_str
                0x00000000000000fe       0xa1 build/sbi/sbi_trap_c.o
 .debug_line_str
                0x00000000000000fe       0x6d build/sbi/uart_c.o
 .debug_line_str
                0x00000000000000fe       0x37 build/sbi/sbi_boot_s.o
 .debug_line_str
                0x00000000000000fe       0x38 build/sbi/sbi_entry_s.o
 .debug_line_str
                0x00000000000000fe       0xc4 build/lib/printk_c.o
 .debug_line_str
                0x00000000000000fe       0x73 build/lib/string_c.o

.comment        0x0000000000000000       0x2b
 .comment       0x0000000000000000       0x2b build/sbi/sbi_main_c.o
                                         0x2c (size before relaxing)
 .comment       0x000000000000002b       0x2c build/sbi/sbi_trap_c.o
 .comment       0x000000000000002b       0x2c build/sbi/uart_c.o
 .comment       0x000000000000002b       0x2c build/lib/printk_c.o
 .comment       0x000000000000002b       0x2c build/lib/string_c.o

.note.GNU-stack
                0x0000000000000000        0x0
 .note.GNU-stack
                0x0000000000000000        0x0 build/sbi/sbi_main_c.o
 .note.GNU-stack
                0x0000000000000000        0x0 build/sbi/sbi_trap_c.o
 .note.GNU-stack
                0x0000000000000000        0x0 build/sbi/uart_c.o
 .note.GNU-stack
                0x0000000000000000        0x0 build/lib/printk_c.o
 .note.GNU-stack
                0x0000000000000000        0x0 build/lib/string_c.o

.riscv.attributes
                0x0000000000000000       0x46
 .riscv.attributes
                0x0000000000000000       0x46 build/sbi/sbi_main_c.o
 .riscv.attributes
                0x0000000000000046       0x46 build/sbi/sbi_trap_c.o
 .riscv.attributes
                0x000000000000008c       0x42 build/sbi/uart_c.o
 .riscv.attributes
                0x00000000000000ce       0x44 build/sbi/sbi_boot_s.o
 .riscv.attributes
                0x0000000000000112       0x44 build/sbi/sbi_entry_s.o
 .riscv.attributes
                0x0000000000000156       0x40 build/sbi/sbi_payload_s.o
 .riscv.attributes
                0x0000000000000196       0x42 build/lib/printk_c.o
 .riscv.attributes
                0x00000000000001d8       0x42 build/lib/string_c.o
